// Jest Snapshot v1, https://goo.gl/fbAQLP

exports[`FactsPage component renders FactsPage 1`] = `
<Provider
  store={
    Object {
      "dispatch": [Function],
      "getState": [Function],
      "replaceReducer": [Function],
      "subscribe": [Function],
      Symbol(observable): [Function],
    }
  }
>
  <FactsPage>
    <h1>
      Loading Facts
    </h1>
  </FactsPage>
</Provider>
`;
